[www.visitebelfort.com/index.html]
[backblue.gif]
[fade.gif]
[index.html]
[wwwvisitebelfortcoa8fac.zapwp.com/q_i/r_0/wp_1/w_1/u_https_/www.visitebelfort.com/wp-content/uploads/2021/12/5ee09778-0f44-4929-a1af-eaeb5a7d4ad9-1-1024x682.jpg]
[www.visitebelfort.com/wp-includes/css/dist/block-library/style.min1eb7.css]
[www.visitebelfort.com/feed/index.html]
[www.visitebelfort.com/comments/feed/index.html]
[www.visitebelfort.com/wp-content/plugins/woocommerce/packages/woocommerce-blocks/build/wc-blocks-vendors-style2ff6.css]
[www.visitebelfort.com/wp-content/plugins/woocommerce/packages/woocommerce-blocks/build/wc-blocks-style2ff6.css]
[www.visitebelfort.com/wp-content/themes/kadence/assets/css/global.min1d74.css]
[wwwvisitebelfortcoa8fac.zapwp.com/q_i/r_0/wp_1/w_1/u_https_/www.visitebelfort.com/wp-content/uploads/2021/12/15c069f0-26e2-4365-9b13-50897933312c.jpg]
[www.visitebelfort.com/wp-content/themes/kadence/assets/css/header.min1d74.css]
[www.visitebelfort.com/wp-content/themes/kadence/assets/css/content.min1d74.css]
[www.visitebelfort.com/wp-content/themes/kadence/assets/css/woocommerce.min1d74.css]
[www.visitebelfort.com/wp-content/themes/kadence/assets/css/footer.min1d74.css]
[www.visitebelfort.com/wp-content/plugins/kadence-pro/dist/mega-menu/menu-addon19f6.css]
[www.visitebelfort.com/wp-content/plugins/kadence-woocommerce-elementor/assets/css/kadence-woocommerce-elementor0ba6.css]
[www.visitebelfort.com/wp-content/plugins/elementor/assets/lib/eicons/css/elementor-icons.min91ce.css]
[www.visitebelfort.com/wp-content/plugins/elementor/assets/css/frontend.min3621.css]
[www.visitebelfort.com/wp-content/uploads/elementor/css/post-789f28.css]
[www.visitebelfort.com/wp-content/plugins/elementor-pro/assets/css/frontend.minac9e.css]
[www.visitebelfort.com/wp-content/uploads/elementor/css/globalee20.css]
[www.visitebelfort.com/wp-content/uploads/elementor/css/post-8ee20.css]
[www.visitebelfort.com/wp-content/plugins/fluentform/public/css/fluent-forms-elementor-widget9e74.css]
[wwwvisitebelfortcoa8fac.zapwp.com/m_0/a_https_/www.visitebelfort.com/wp-includes/js/jquery/jquery.min71eb.js]
[wwwvisitebelfortcoa8fac.zapwp.com/m_0/a_https_/www.visitebelfort.com/wp-includes/js/jquery/jquery-migrate.min71eb.js]
[wwwvisitebelfortcoa8fac.zapwp.com/m_0/a_https_/www.visitebelfort.com/wp-content/plugins/wp-compress-image-optimizer/assets/js/all-in-one-no-lazy.min71eb.js]
[wwwvisitebelfortcoa8fac.zapwp.com/m_0/a_https_/www.visitebelfort.com/wp-content/plugins/wp-compress-image-optimizer/assets/js/no-lazy.min71eb.js]
[www.visitebelfort.com/wp-json/wp/v2/pages/8.json]
[www.visitebelfort.com/wp-json/index.html]
[www.visitebelfort.com/xmlrpc.180db0.delayed]
[www.visitebelfort.com/wp-includes/wlwmanifest.xml]
[www.visitebelfort.com/wp-json/oembed/1.0/embed5fab.json]
[www.visitebelfort.com/wp-json/oembed/1.0/embed4828]
[www.visitebelfort.com/evenements/index.html]
[www.visitebelfort.com/panier/index.html]
[www.visitebelfort.com/restaurant-lephemere-martinique/index.html]
[www.visitebelfort.com/la-visite-en-petit-train-martinique/index.html]
[www.visitebelfort.com/boutique/index.html]
[www.visitebelfort.com/privatisation/index.html]
[www.visitebelfort.com/contactez-nous/index.html]
[www.visitebelfort.com/hello-world/index.html]
[wwwvisitebelfortcoa8fac.zapwp.com/q_i/r_0/wp_1/w_1/u_https_/www.visitebelfort.com/wp-content/uploads/2022/01/Logo-Banane.png]
[www.visitebelfort.com/wp-content/plugins/elementor/assets/lib/animations/animations.min3621.css]
[www.visitebelfort.com/privatisation-les-jardins-de-belfort/indexdbbe.html]
[www.visitebelfort.com/privatisation-les-jardins-de-belfort/index878b.html]
[www.visitebelfort.com/privatisation-les-jardins-de-belfort/index13ea.html]
[www.visitebelfort.com/reservation-petit-train-de-belfort/index.html]
[www.visitebelfort.com/mentions-legales/index.html]
[wwwvisitebelfortcoa8fac.zapwp.com/m_0/a_https_/www.visitebelfort.com/wp-content/plugins/woocommerce/assets/js/jquery-blockui/jquery.blockUI.min71eb.js]
[www.visitebelfort.com/conditions-generales-de-vente/index.html]
[www.visitebelfort.com/politique-de-confidentialite/index.html]
[wwwvisitebelfortcoa8fac.zapwp.com/m_0/a_https_/www.visitebelfort.com/wp-content/plugins/woocommerce/assets/js/frontend/add-to-cart.min71eb.js]
[www.visitebelfort.com/wp-content/plugins/woocommerce/assets/js/js-cookie/js.cookie.min.js]
[wwwvisitebelfortcoa8fac.zapwp.com/m_0/a_https_/www.visitebelfort.com/wp-content/plugins/woocommerce/assets/js/frontend/woocommerce.min71eb.js]
[wwwvisitebelfortcoa8fac.zapwp.com/m_0/a_https_/www.visitebelfort.com/wp-content/plugins/woocommerce/assets/js/frontend/cart-fragments.min71eb.js]
[wwwvisitebelfortcoa8fac.zapwp.com/m_0/a_https_/www.visitebelfort.com/wp-content/themes/kadence/assets/js/navigation.min71eb.js]
[wwwvisitebelfortcoa8fac.zapwp.com/m_0/a_https_/www.visitebelfort.com/wp-content/plugins/elementor/assets/lib/jquery-numerator/jquery-numerator.min71eb.js]
[wwwvisitebelfortcoa8fac.zapwp.com/m_0/a_https_/www.visitebelfort.com/wp-includes/js/imagesloaded.min71eb.js]
[wwwvisitebelfortcoa8fac.zapwp.com/m_0/a_https_/www.visitebelfort.com/wp-content/plugins/elementor-pro/assets/js/webpack-pro.runtime.min71eb.js]
[wwwvisitebelfortcoa8fac.zapwp.com/m_0/a_https_/www.visitebelfort.com/wp-content/plugins/elementor/assets/js/webpack.runtime.min71eb.js]
[wwwvisitebelfortcoa8fac.zapwp.com/m_0/a_https_/www.visitebelfort.com/wp-content/plugins/elementor/assets/js/frontend-modules.min71eb.js]
[wwwvisitebelfortcoa8fac.zapwp.com/m_0/a_https_/www.visitebelfort.com/wp-includes/js/dist/vendor/regenerator-runtime.min71eb.js]
[wwwvisitebelfortcoa8fac.zapwp.com/m_0/a_https_/www.visitebelfort.com/wp-includes/js/dist/vendor/wp-polyfill.min71eb.js]
[wwwvisitebelfortcoa8fac.zapwp.com/m_0/a_https_/www.visitebelfort.com/wp-includes/js/dist/hooks.min71eb.js]
[wwwvisitebelfortcoa8fac.zapwp.com/m_0/a_https_/www.visitebelfort.com/wp-includes/js/dist/i18n.min71eb.js]
[wwwvisitebelfortcoa8fac.zapwp.com/m_0/a_https_/www.visitebelfort.com/wp-content/plugins/elementor-pro/assets/js/frontend.min71eb.js]
[wwwvisitebelfortcoa8fac.zapwp.com/m_0/a_https_/www.visitebelfort.com/wp-content/plugins/elementor/assets/lib/waypoints/waypoints.min71eb.js]
[wwwvisitebelfortcoa8fac.zapwp.com/m_0/a_https_/www.visitebelfort.com/wp-includes/js/jquery/ui/core.min71eb.js]
[wwwvisitebelfortcoa8fac.zapwp.com/m_0/a_https_/www.visitebelfort.com/wp-content/plugins/elementor/assets/js/frontend.min71eb.js]
[wwwvisitebelfortcoa8fac.zapwp.com/m_0/a_https_/www.visitebelfort.com/wp-content/plugins/elementor-pro/assets/js/elements-handlers.min71eb.js]
[www.visitebelfort.com/index.html]
[www.visitebelfort.com/wp-includes/css/dist/block-library/style.min1eb7.css]
[www.visitebelfort.com/wp-content/plugins/woocommerce/packages/woocommerce-blocks/build/wc-blocks-vendors-style2ff6.css]
[www.visitebelfort.com/wp-content/plugins/woocommerce/packages/woocommerce-blocks/build/wc-blocks-style2ff6.css]
[www.visitebelfort.com/wp-content/themes/kadence/assets/css/global.min1d74.css]
[www.visitebelfort.com/wp-content/themes/kadence/assets/css/header.min1d74.css]
[www.visitebelfort.com/wp-content/themes/kadence/assets/css/content.min1d74.css]
[wwwvisitebelfortcoa8fac.zapwp.com/m_0/a_https_/www.visitebelfort.com/wp-content/plugins/wp-rocket/assets/js/lazyload/17.5/lazyload.min71eb.js]
[www.visitebelfort.com/wp-content/themes/kadence/assets/images/icons/credit-cards/visa.svg]
[www.visitebelfort.com/wp-content/themes/kadence/assets/images/icons/credit-cards/mastercard.svg]
[www.visitebelfort.com/wp-content/themes/kadence/assets/images/icons/credit-cards/laser.svg]
[www.visitebelfort.com/wp-content/themes/kadence/assets/images/icons/credit-cards/diners.svg]
[www.visitebelfort.com/wp-content/themes/kadence/assets/images/icons/credit-cards/maestro.svg]
[www.visitebelfort.com/wp-content/themes/kadence/assets/images/icons/credit-cards/jcb.svg]
[www.visitebelfort.com/wp-content/themes/kadence/assets/images/icons/credit-cards/amex.svg]
[www.visitebelfort.com/wp-content/themes/kadence/assets/images/icons/credit-cards/discover.svg]
[www.visitebelfort.com/wp-content/themes/kadence/assets/fonts/star5a9b.woff2]
[www.visitebelfort.com/wp-content/themes/kadence/assets/fonts/star5a9b.ttf]
[www.visitebelfort.com/wp-content/themes/kadence/assets/fonts/star5a9b.woff]
[www.visitebelfort.com/wp-content/themes/kadence/assets/fonts/star5a9b.svg]
[www.visitebelfort.com/wp-content/themes/kadence/assets/css/woocommerce.min1d74.css]
[www.visitebelfort.com/wp-content/themes/kadence/assets/css/footer.min1d74.css]
[www.visitebelfort.com/wp-content/plugins/kadence-pro/dist/mega-menu/menu-addon19f6.css]
[www.visitebelfort.com/wp-content/plugins/kadence-woocommerce-elementor/assets/css/kadence-woocommerce-elementor0ba6.css]
[www.visitebelfort.com/wp-content/themes/kadence/assets/images/icons/loader.svg]
[www.visitebelfort.com/wp-content/plugins/elementor/assets/lib/eicons/fonts/eicons1075.eot]
[www.visitebelfort.com/wp-content/plugins/elementor/assets/lib/eicons/fonts/eicons1075.woff2]
[www.visitebelfort.com/wp-content/plugins/elementor/assets/lib/eicons/fonts/eicons1075.woff]
[www.visitebelfort.com/wp-content/plugins/elementor/assets/lib/eicons/css/elementor-icons.min91ce.css]
[www.visitebelfort.com/wp-content/plugins/elementor/assets/css/frontend.min3621.css]
[www.visitebelfort.com/wp-content/uploads/elementor/css/post-789f28.css]
[www.visitebelfort.com/wp-content/plugins/elementor-pro/assets/css/frontend.minac9e.css]
[www.visitebelfort.com/wp-content/uploads/elementor/css/globalee20.css]
[www.visitebelfort.com/wp-content/plugins/elementor/assets/lib/eicons/fonts/eicons1075.ttf]
[www.visitebelfort.com/wp-content/plugins/elementor/assets/lib/eicons/fonts/eicons1075.svg]
[www.visitebelfort.com/wp-content/uploads/2021/12/5ee09778-0f44-4929-a1af-eaeb5a7d4ad9-1-scaled.jpg]
[www.visitebelfort.com/wp-content/uploads/2021/07/Bananier.png]
[www.visitebelfort.com/wp-content/uploads/2021/07/Photo-privatisation.png]
[www.visitebelfort.com/wp-content/uploads/2021/07/Feuilles-de-bananier.png]
[www.visitebelfort.com/wp-content/uploads/2021/07/Banane.png]
[www.visitebelfort.com/wp-content/uploads/elementor/css/post-8ee20.css]
[www.visitebelfort.com/wp-content/plugins/fluentform/public/css/fluent-forms-elementor-widget9e74.css]
[www.visitebelfort.com/xmlrpc0db0.html]
[www.googletagmanager.com/gtm5445.html]
[www.visitebelfort.com/wp-content/plugins/woocommerce/assets/css/select2823d.css]
[www.visitebelfort.com/wp-content/plugins/woocommerce-gateway-stripe/assets/css/stripe-stylese1b2.css]
[wwwvisitebelfortcoa8fac.zapwp.com/m_0/a_https_/www.visitebelfort.com/wp-content/plugins/woocommerce/assets/js/frontend/tokenization-form.min71eb.js]
[wwwvisitebelfortcoa8fac.zapwp.com/m_0/a_https_/www.visitebelfort.com/wp-content/plugins/woocommerce-gateway-stripe/assets/js/jquery.mask.min71eb.js]
[www.visitebelfort.com/wp-json/wp/v2/pages/538.json]
[www.visitebelfort.com/wp-json/oembed/1.0/embed60d1.json]
[www.visitebelfort.com/wp-json/oembed/1.0/embedd596]
[wwwvisitebelfortcoa8fac.zapwp.com/m_0/a_https_/www.visitebelfort.com/wp-content/plugins/woocommerce/assets/js/frontend/country-select.min71eb.js]
[wwwvisitebelfortcoa8fac.zapwp.com/m_0/a_https_/www.visitebelfort.com/wp-content/plugins/woocommerce/assets/js/frontend/address-i18n.min71eb.js]
[wwwvisitebelfortcoa8fac.zapwp.com/m_0/a_https_/www.visitebelfort.com/wp-content/plugins/woocommerce/assets/js/frontend/cart.min71eb.js]
[wwwvisitebelfortcoa8fac.zapwp.com/m_0/a_https_/www.visitebelfort.com/wp-content/plugins/woocommerce/assets/js/selectWoo/selectWoo.full.min71eb.js]
[wwwvisitebelfortcoa8fac.zapwp.com/m_0/a_https_/www.visitebelfort.com/wp-content/plugins/woocommerce-gateway-stripe/assets/js/stripe-payment-request.min71eb.js]
[wwwvisitebelfortcoa8fac.zapwp.com/m_0/a_https_/www.visitebelfort.com/wp-content/themes/kadence/assets/js/cart-update.min71eb.js]
[wwwvisitebelfortcoa8fac.zapwp.com/m_0/a_https_/www.visitebelfort.com/wp-content/plugins/woocommerce/assets/js/jquery-payment/jquery.payment.min71eb.js]
[www.visitebelfort.com/panier/index.html]
[wwwvisitebelfortcoa8fac.zapwp.com/m_0/a_https_/www.visitebelfort.com/wp-content/plugins/woocommerce-gateway-stripe/assets/js/stripe.min71eb.js]
[wwwvisitebelfortcoa8fac.zapwp.com/q_i/r_0/wp_1/w_1/u_https_/www.visitebelfort.com/wp-content/uploads/2021/12/85169645_o-1024x681.jpg]
[wwwvisitebelfortcoa8fac.zapwp.com/q_i/r_0/wp_1/w_1/u_https_/www.visitebelfort.com/wp-content/uploads/2021/12/85169645_o.jpg]
[www.visitebelfort.com/wp-content/plugins/kadence-blocks/dist/blocks/row.style.build91ef.css]
[www.visitebelfort.com/wp-content/plugins/kadence-blocks/dist/blocks/column.style.build91ef.css]
[www.visitebelfort.com/wp-content/plugins/kadence-blocks/dist/blocks/btn.style.build91ef.css]
[www.visitebelfort.com/wp-content/plugins/kadence-blocks/dist/blocks/accordion.style.build91ef.css]
[www.visitebelfort.com/wp-content/plugins/wp-social-reviews/assets/css/wp_social_ninja_igf3df.css]
[www.visitebelfort.com/wp-json/wp/v2/pages/19.json]
[www.visitebelfort.com/wp-json/oembed/1.0/embed17ff.json]
[www.visitebelfort.com/wp-json/oembed/1.0/embed6f9e]
[scontent-ams2-1.xx.fbcdn.net/v/t51.2885-15/69546942_2504829883132141_6672786191793782784_n69ca.jpg]
[scontent-ams2-1.cdninstagram.com/v/t51.2885-15/309352308_1227101141463464_3094551503878012945_n52ce.jpg]
[scontent-ams4-1.cdninstagram.com/v/t51.2885-15/307984127_430564859180221_7028948740550198603_nb7d9.jpg]
[scontent-ams2-1.cdninstagram.com/v/t51.2885-15/306599052_1704563356597196_7714406375576732652_n3063.jpg]
[scontent-ams2-1.cdninstagram.com/v/t51.2885-15/305532823_1069504433687254_4240929030466781920_n7bae.jpg]
[scontent-ams2-1.cdninstagram.com/v/t51.2885-15/302026593_3333729646851766_4795962953996187220_n7fe1.jpg]
[scontent-ams2-1.cdninstagram.com/v/t51.2885-15/301381202_537639704797262_6430002000148309683_n1b60.jpg]
[www.visitebelfort.com/wp-content/plugins/wp-social-ninja-pro/assets/libs/swiper/swiper-bundle.minf43b.css]
[wwwvisitebelfortcoa8fac.zapwp.com/m_0/a_https_/www.visitebelfort.com/wp-content/plugins/kadence-blocks/dist/kt-accordion-min71eb.js]
[wwwvisitebelfortcoa8fac.zapwp.com/m_0/a_https_/www.visitebelfort.com/wp-content/plugins/wp-social-ninja-pro/assets/libs/swiper/swiper-bundle.min71eb.js]
[www.visitebelfort.com/la-visite-en-petit-train-martinique/index.html]
[wwwvisitebelfortcoa8fac.zapwp.com/m_0/a_https_/www.visitebelfort.com/wp-content/plugins/wp-social-reviews/assets/js/wp-social-review71eb.js]
[wwwvisitebelfortcoa8fac.zapwp.com/q_i/r_0/wp_1/w_1/u_https_/www.visitebelfort.com/wp-content/uploads/2021/12/54c066a5-2fbd-4a29-93f7-d555a2efc938.jpg]
[www.visitebelfort.com/wp-json/wp/v2/pages/21.json]
[www.visitebelfort.com/wp-json/oembed/1.0/embed9b79.json]
[www.visitebelfort.com/restaurant-lephemere-martinique/index.html]
[www.visitebelfort.com/wp-json/oembed/1.0/embeddc6d]
[wwwvisitebelfortcoa8fac.zapwp.com/q_i/r_0/wp_1/w_1/u_https_/www.visitebelfort.com/wp-content/uploads/2021/12/5ee09778-0f44-4929-a1af-eaeb5a7d4ad9-1-scaled.jpg]
[www.visitebelfort.com/wp-json/wp/v2/pages/23.json]
[www.visitebelfort.com/wp-json/oembed/1.0/embedd131.json]
[www.visitebelfort.com/evenements/index.html]
[www.visitebelfort.com/wp-json/oembed/1.0/embed76bf]
[www.visitebelfort.com/wp-json/wp/v2/pages/25.json]
[www.visitebelfort.com/wp-json/oembed/1.0/embed5be9.json]
[www.visitebelfort.com/privatisation/index.html]
[www.visitebelfort.com/wp-json/oembed/1.0/embed9d9d]
[www.visitebelfort.com/boutique/feed/index.html]
[www.visitebelfort.com/boutique/index.html]
[wwwvisitebelfortcoa8fac.zapwp.com/m_0/a_https_/www.visitebelfort.com/wp-content/themes/kadence/assets/js/shop-toggle.min71eb.js]
[www.visitebelfort.com/privatisation-les-jardins-de-belfort/index.html]
[www.visitebelfort.com/produit/banane-sechee/index.html]
[www.visitebelfort.com/boutique/indexf2e4.html]
[www.visitebelfort.com/boutique/indexa5f9.html]
[www.visitebelfort.com/produit/petals-patate-douce-martinique/index.html]
[www.visitebelfort.com/produit/petales-bananes-martinique/index.html]
[wwwvisitebelfortcoa8fac.zapwp.com/q_i/r_0/wp_1/w_1/u_https_/www.visitebelfort.com/wp-content/uploads/2021/11/contact-and-communication-icons-on-wooden-dices.jpg]
[www.visitebelfort.com/boutique/indexb8ea.html]
[www.visitebelfort.com/wp-content/plugins/fluentform/public/css/fluent-forms-public9e74.css]
[www.visitebelfort.com/wp-content/plugins/fluentform/public/css/fluentform-public-default9e74.css]
[www.visitebelfort.com/wp-json/wp/v2/pages/29.json]
[www.visitebelfort.com/wp-json/oembed/1.0/embed570b.json]
[www.visitebelfort.com/wp-json/oembed/1.0/embedc4a2]
[www.visitebelfort.com/wp-content/plugins/fluentformpro/public/libs/intl-tel-input/css/intlTelInput.min85e8.css]
[wwwvisitebelfortcoa8fac.zapwp.com/m_0/a_https_/www.visitebelfort.com/wp-content/plugins/fluentform/public/js/form-submission71eb.js]
[wwwvisitebelfortcoa8fac.zapwp.com/m_0/a_https_/www.visitebelfort.com/wp-content/plugins/fluentformpro/public/libs/intl-tel-input/js/intlTelInput.min71eb.js]
[www.visitebelfort.com/contactez-nous/index.html]
[wwwvisitebelfortcoa8fac.zapwp.com/m_0/a_https_/www.visitebelfort.com/wp-content/plugins/fluentformpro/public/libs/intl-tel-input/js/utils71eb.js]
[wwwvisitebelfortcoa8fac.zapwp.com/q_i/r_0/wp_1/w_1/u_https_/www.visitebelfort.com/wp-content/uploads/2021/06/IMG-20220508-WA0005.jpg]
[www.visitebelfort.com/wp-content/themes/kadence/assets/css/related-posts.min1d74.css]
[www.visitebelfort.com/wp-content/plugins/kadence-blocks-pro/dist/assets/css/kadence-splide.min5971.css]
[www.visitebelfort.com/wp-json/wp/v2/posts/1.json]
[www.visitebelfort.com/wp-json/oembed/1.0/embede624.json]
[www.visitebelfort.com/wp-json/oembed/1.0/embed5bac]
[www.visitebelfort.com/category/uncategorized/index.html]
[wwwvisitebelfortcoa8fac.zapwp.com/m_0/a_https_/www.visitebelfort.com/wp-content/plugins/kadence-blocks-pro/dist/assets/js/splide.min71eb.js]
[www.visitebelfort.com/hello-world/index.html]
[wwwvisitebelfortcoa8fac.zapwp.com/m_0/a_https_/www.visitebelfort.com/wp-content/themes/kadence/assets/js/splide-init.min71eb.js]
[wwwvisitebelfortcoa8fac.zapwp.com/q_i/r_0/wp_1/w_1/u_https_/www.visitebelfort.com/wp-content/uploads/2021/12/9bb1dfc6-34d9-4d20-8c59-710b85491de1.jpg]
[www.visitebelfort.com/wp-json/wp/v2/pages/723.json]
[www.visitebelfort.com/wp-json/oembed/1.0/embed08ef.json]
[www.visitebelfort.com/wp-json/oembed/1.0/embedcede]
[www.visitebelfort.com/wp-content/plugins/elementor/assets/lib/flatpickr/flatpickr.mineda1.css]
[wwwvisitebelfortcoa8fac.zapwp.com/m_0/a_https_/www.visitebelfort.com/wp-content/plugins/elementor/assets/lib/flatpickr/flatpickr.min71eb.js]
[www.visitebelfort.com/privatisation-les-jardins-de-belfort/indexdbbe.html]
[www.visitebelfort.com/privatisation-les-jardins-de-belfort/index878b.html]
[www.visitebelfort.com/privatisation-les-jardins-de-belfort/index13ea.html]
[wwwvisitebelfortcoa8fac.zapwp.com/m_0/a_https_/www.visitebelfort.com/wp-content/plugins/fluentform/public/js/fluentform-advanced71eb.js]
[wwwvisitebelfortcoa8fac.zapwp.com/q_i/r_0/wp_1/w_1/u_https_/www.visitebelfort.com/wp-content/uploads/2022/01/b3fc495a-efb9-4d81-9408-524ec4abf558.jpg]
[www.visitebelfort.com/wp-json/wp/v2/pages/815.json]
[www.visitebelfort.com/wp-json/oembed/1.0/embedc9c7.json]
[www.visitebelfort.com/reservation-petit-train-de-belfort/index.html]
[www.visitebelfort.com/la-visite-en-petit-train/index.html]
[www.visitebelfort.com/wp-json/oembed/1.0/embedc3c3]
[www.visitebelfort.com/mentions-legales/feed/index.html]
[www.visitebelfort.com/wp-json/wp/v2/pages/2.json]
[www.visitebelfort.com/wp-json/oembed/1.0/embed1c24.json]
[www.visitebelfort.com/wp-json/oembed/1.0/embedf34d]
[www.visitebelfort.com/xmlrpc.php]
[www.visitebelfort.com/mentions-legales/index.html]
[www.visitebelfort.com/wp-json/wp/v2/pages/49.json]
[www.visitebelfort.com/wp-json/oembed/1.0/embed97ad.json]
[www.visitebelfort.com/conditions-generales-de-vente/index.html]
[www.visitebelfort.com/wp-json/oembed/1.0/embed698b]
[www.visitebelfort.com/wp-json/wp/v2/pages/3.json]
[www.visitebelfort.com/wp-json/oembed/1.0/embed332a.json]
[www.visitebelfort.com/politique-de-confidentialite/index.html]
[www.visitebelfort.com/wp-content/plugins/elementor/assets/lib/animations/animations.min3621.css]
[www.visitebelfort.com/wp-content/themes/kadence/assets/images/icons/credit-cards/visa.svg]
[www.visitebelfort.com/wp-content/themes/kadence/assets/images/icons/credit-cards/mastercard.svg]
[www.visitebelfort.com/wp-content/themes/kadence/assets/images/icons/credit-cards/laser.svg]
[www.visitebelfort.com/wp-content/themes/kadence/assets/images/icons/credit-cards/diners.svg]
[www.visitebelfort.com/wp-content/themes/kadence/assets/images/icons/credit-cards/maestro.svg]
[www.visitebelfort.com/wp-content/themes/kadence/assets/images/icons/credit-cards/jcb.svg]
[www.visitebelfort.com/wp-content/themes/kadence/assets/images/icons/credit-cards/amex.svg]
[www.visitebelfort.com/wp-content/themes/kadence/assets/images/icons/credit-cards/discover.svg]
[www.visitebelfort.com/wp-content/themes/kadence/assets/fonts/star5a9b.svg]
[www.visitebelfort.com/wp-content/themes/kadence/assets/images/icons/loader.svg]
[www.visitebelfort.com/wp-content/plugins/elementor/assets/lib/eicons/fonts/eicons1075.svg]
[www.visitebelfort.com/wp-content/plugins/woocommerce/assets/css/select2823d.css]
[www.visitebelfort.com/wp-json/oembed/1.0/embedaa72]
[www.visitebelfort.com/wp-content/plugins/woocommerce-gateway-stripe/assets/images/credit-card.svg]
[www.visitebelfort.com/wp-content/plugins/woocommerce-gateway-stripe/assets/images/visa.svg]
[www.visitebelfort.com/wp-content/plugins/woocommerce-gateway-stripe/assets/images/amex.svg]
[www.visitebelfort.com/wp-content/plugins/woocommerce-gateway-stripe/assets/images/diners.svg]
[www.visitebelfort.com/wp-content/plugins/woocommerce-gateway-stripe/assets/images/discover.svg]
[www.visitebelfort.com/wp-content/plugins/woocommerce-gateway-stripe/assets/images/jcb.svg]
[www.visitebelfort.com/wp-content/plugins/woocommerce-gateway-stripe/assets/images/maestro.svg]
[www.visitebelfort.com/wp-content/plugins/woocommerce-gateway-stripe/assets/css/stripe-stylese1b2.css]
[www.visitebelfort.com/indexfdd5.html]
[www.visitebelfort.com/wp-content/plugins/kadence-blocks/dist/blocks/row.style.build91ef.css]
[www.visitebelfort.com/wp-content/plugins/kadence-blocks/dist/blocks/column.style.build91ef.css]
[www.visitebelfort.com/wp-content/plugins/kadence-blocks/dist/blocks/btn.style.build91ef.css]
[www.visitebelfort.com/wp-content/plugins/kadence-blocks/dist/blocks/accordion.style.build91ef.css]
[www.visitebelfort.com/wp-content/plugins/woocommerce-gateway-stripe/assets/images/mastercard.svg]
[www.visitebelfort.com/wp-content/plugins/wp-social-reviews/assets/fonts/wp-social-reviewse3c4.eot]
[www.visitebelfort.com/wp-content/plugins/wp-social-reviews/assets/fonts/wp-social-reviews5af9.woff]
[www.visitebelfort.com/wp-content/plugins/wp-social-reviews/assets/fonts/wp-social-reviewsd1f8.ttf]
[www.visitebelfort.com/wp-content/plugins/wp-social-reviews/assets/fonts/wp-social-reviews737c.svg]
[www.visitebelfort.com/wp-content/plugins/wp-social-reviews/assets/images/ig-media-typecb83.png]
[www.visitebelfort.com/wp-content/plugins/wp-social-reviews/assets/css/wp_social_ninja_igf3df.css]
[www.visitebelfort.com/index5831.html]
[www.visitebelfort.com/wp-content/plugins/wp-social-ninja-pro/assets/libs/swiper/swiper-bundle.minf43b.css]
[www.visitebelfort.com/index3965.html]
[www.visitebelfort.com/index40a0.html]
[www.visitebelfort.com/index970c.html]
[www.visitebelfort.com/privatisation-les-jardins-de-belfort/index.html]
[wwwvisitebelfortcoa8fac.zapwp.com/q_i/r_0/wp_1/w_1/u_https_/www.visitebelfort.com/wp-content/uploads/2022/06/BANANE-SECHEE-1024x683.jpg]
[www.visitebelfort.com/wp-content/plugins/woocommerce/assets/css/photoswipe/photoswipe.min823d.css]
[www.visitebelfort.com/wp-content/plugins/woocommerce/assets/css/photoswipe/default-skin/default-skin.min823d.css]
[www.visitebelfort.com/wp-json/wp/v2/product/1059.json]
[www.visitebelfort.com/wp-json/oembed/1.0/embed1b06.json]
[www.visitebelfort.com/wp-json/oembed/1.0/embedbd49]
[wwwvisitebelfortcoa8fac.zapwp.com/q_i/r_0/wp_1/w_1/u_https_/www.visitebelfort.com/wp-content/uploads/2022/06/BANANE-SECHEE-scaled.jpg]
[www.visitebelfort.com/categorie-produit/fruits-only/index.html]
[wwwvisitebelfortcoa8fac.zapwp.com/m_0/a_https_/www.visitebelfort.com/wp-content/themes/kadence/assets/js/product-cls.min71eb.js]
[www.visitebelfort.com/etiquette-produit/martinique/index.html]
[www.visitebelfort.com/etiquette-produit/fruit/index.html]
[wwwvisitebelfortcoa8fac.zapwp.com/m_0/a_https_/www.visitebelfort.com/wp-content/plugins/woocommerce/assets/js/zoom/jquery.zoom.min71eb.js]
[wwwvisitebelfortcoa8fac.zapwp.com/m_0/a_https_/www.visitebelfort.com/wp-content/plugins/woocommerce/assets/js/flexslider/jquery.flexslider.min71eb.js]
[wwwvisitebelfortcoa8fac.zapwp.com/m_0/a_https_/www.visitebelfort.com/wp-content/plugins/woocommerce/assets/js/photoswipe/photoswipe.min71eb.js]
[wwwvisitebelfortcoa8fac.zapwp.com/m_0/a_https_/www.visitebelfort.com/wp-content/plugins/woocommerce/assets/js/photoswipe/photoswipe-ui-default.min71eb.js]
[www.visitebelfort.com/produit/banane-sechee/index.html]
[wwwvisitebelfortcoa8fac.zapwp.com/m_0/a_https_/www.visitebelfort.com/wp-content/plugins/woocommerce/assets/js/frontend/single-product.min71eb.js]
[wwwvisitebelfortcoa8fac.zapwp.com/m_0/a_https_/www.visitebelfort.com/wp-content/plugins/woocommerce/packages/woocommerce-blocks/build/cart-frontend71eb.js]
[wwwvisitebelfortcoa8fac.zapwp.com/m_0/a_https_/www.visitebelfort.com/wp-includes/js/dist/vendor/lodash.min71eb.js]
[wwwvisitebelfortcoa8fac.zapwp.com/m_0/a_https_/www.visitebelfort.com/wp-includes/js/dist/vendor/react.min71eb.js]
[wwwvisitebelfortcoa8fac.zapwp.com/m_0/a_https_/www.visitebelfort.com/wp-content/plugins/woocommerce/packages/woocommerce-blocks/build/blocks-checkout71eb.js]
[wwwvisitebelfortcoa8fac.zapwp.com/m_0/a_https_/www.visitebelfort.com/wp-content/plugins/woocommerce/packages/woocommerce-blocks/build/wc-blocks-registry71eb.js]
[wwwvisitebelfortcoa8fac.zapwp.com/m_0/a_https_/www.visitebelfort.com/wp-includes/js/dist/deprecated.min71eb.js]
[wwwvisitebelfortcoa8fac.zapwp.com/m_0/a_https_/www.visitebelfort.com/wp-includes/js/dist/element.min71eb.js]
[wwwvisitebelfortcoa8fac.zapwp.com/m_0/a_https_/www.visitebelfort.com/wp-includes/js/dist/vendor/react-dom.min71eb.js]
[wwwvisitebelfortcoa8fac.zapwp.com/m_0/a_https_/www.visitebelfort.com/wp-includes/js/dist/escape-html.min71eb.js]
[wwwvisitebelfortcoa8fac.zapwp.com/m_0/a_https_/www.visitebelfort.com/wp-content/plugins/woocommerce/packages/woocommerce-blocks/build/wc-settings71eb.js]
[wwwvisitebelfortcoa8fac.zapwp.com/m_0/a_https_/www.visitebelfort.com/wp-includes/js/dist/api-fetch.min71eb.js]
[wwwvisitebelfortcoa8fac.zapwp.com/m_0/a_https_/www.visitebelfort.com/wp-includes/js/dist/url.min71eb.js]
[wwwvisitebelfortcoa8fac.zapwp.com/m_0/a_https_/www.visitebelfort.com/wp-includes/js/dist/compose.min71eb.js]
[wwwvisitebelfortcoa8fac.zapwp.com/m_0/a_https_/www.visitebelfort.com/wp-includes/js/dist/dom.min71eb.js]
[wwwvisitebelfortcoa8fac.zapwp.com/m_0/a_https_/www.visitebelfort.com/wp-includes/js/dist/is-shallow-equal.min71eb.js]
[wwwvisitebelfortcoa8fac.zapwp.com/m_0/a_https_/www.visitebelfort.com/wp-includes/js/dist/keycodes.min71eb.js]
[wwwvisitebelfortcoa8fac.zapwp.com/m_0/a_https_/www.visitebelfort.com/wp-includes/js/dist/priority-queue.min71eb.js]
[wwwvisitebelfortcoa8fac.zapwp.com/m_0/a_https_/www.visitebelfort.com/wp-includes/js/dist/data.min71eb.js]
[wwwvisitebelfortcoa8fac.zapwp.com/m_0/a_https_/www.visitebelfort.com/wp-includes/js/dist/redux-routine.min71eb.js]
[wwwvisitebelfortcoa8fac.zapwp.com/m_0/a_https_/www.visitebelfort.com/wp-includes/js/dist/primitives.min71eb.js]
[wwwvisitebelfortcoa8fac.zapwp.com/m_0/a_https_/www.visitebelfort.com/wp-includes/js/dist/warning.min71eb.js]
[wwwvisitebelfortcoa8fac.zapwp.com/m_0/a_https_/www.visitebelfort.com/wp-content/plugins/woocommerce/packages/woocommerce-blocks/build/wc-blocks-data71eb.js]
[wwwvisitebelfortcoa8fac.zapwp.com/m_0/a_https_/www.visitebelfort.com/wp-includes/js/dist/data-controls.min71eb.js]
[wwwvisitebelfortcoa8fac.zapwp.com/m_0/a_https_/www.visitebelfort.com/wp-includes/js/dist/html-entities.min71eb.js]
[wwwvisitebelfortcoa8fac.zapwp.com/m_0/a_https_/www.visitebelfort.com/wp-includes/js/dist/notices.min71eb.js]
[wwwvisitebelfortcoa8fac.zapwp.com/m_0/a_https_/www.visitebelfort.com/wp-content/plugins/woocommerce/packages/woocommerce-blocks/build/wc-blocks-middleware71eb.js]
[wwwvisitebelfortcoa8fac.zapwp.com/m_0/a_https_/www.visitebelfort.com/wp-content/plugins/woocommerce/packages/woocommerce-blocks/build/wc-blocks-shared-hocs71eb.js]
[wwwvisitebelfortcoa8fac.zapwp.com/m_0/a_https_/www.visitebelfort.com/wp-content/plugins/woocommerce/packages/woocommerce-blocks/build/wc-blocks-shared-context71eb.js]
[wwwvisitebelfortcoa8fac.zapwp.com/m_0/a_https_/www.visitebelfort.com/wp-content/plugins/woocommerce/packages/woocommerce-blocks/build/price-format71eb.js]
[wwwvisitebelfortcoa8fac.zapwp.com/m_0/a_https_/www.visitebelfort.com/wp-includes/js/dist/a11y.min71eb.js]
[wwwvisitebelfortcoa8fac.zapwp.com/m_0/a_https_/www.visitebelfort.com/wp-includes/js/dist/dom-ready.min71eb.js]
[wwwvisitebelfortcoa8fac.zapwp.com/m_0/a_https_/www.visitebelfort.com/wp-includes/js/dist/autop.min71eb.js]
[wwwvisitebelfortcoa8fac.zapwp.com/m_0/a_https_/www.visitebelfort.com/wp-includes/js/dist/plugins.min71eb.js]
[wwwvisitebelfortcoa8fac.zapwp.com/m_0/a_https_/www.visitebelfort.com/wp-includes/js/dist/wordcount.min71eb.js]
[www.visitebelfort.com/boutique/indexf2e4.html]
[wwwvisitebelfortcoa8fac.zapwp.com/m_0/a_https_/www.visitebelfort.com/wp-content/plugins/woocommerce/packages/woocommerce-blocks/build/checkout-frontend71eb.js]
[wwwvisitebelfortcoa8fac.zapwp.com/q_i/r_0/wp_1/w_1/u_https_/www.visitebelfort.com/wp-content/uploads/2022/03/PATATE-DOUCE-1024x683.jpg]
[www.visitebelfort.com/wp-json/wp/v2/product/1063.json]
[www.visitebelfort.com/wp-json/oembed/1.0/embeda47e.json]
[www.visitebelfort.com/wp-json/oembed/1.0/embed58f5]
[wwwvisitebelfortcoa8fac.zapwp.com/q_i/r_0/wp_1/w_1/u_https_/www.visitebelfort.com/wp-content/uploads/2022/03/PATATE-DOUCE-scaled.jpg]
[www.visitebelfort.com/produit/petals-patate-douce-martinique/index.html]
[www.visitebelfort.com/boutique/indexa5f9.html]
[www.visitebelfort.com/categorie-produit/petals/index.html]
[wwwvisitebelfortcoa8fac.zapwp.com/q_i/r_0/wp_1/w_1/u_https_/www.visitebelfort.com/wp-content/uploads/2022/03/BANANA-1024x683.jpg]
[www.visitebelfort.com/produit/petals-patate-douce-martinique/indexb8ea.html]
[www.visitebelfort.com/wp-json/wp/v2/product/1062.json]
[www.visitebelfort.com/wp-json/oembed/1.0/embed5053.json]
[www.visitebelfort.com/wp-json/oembed/1.0/embedabf7]
[wwwvisitebelfortcoa8fac.zapwp.com/q_i/r_0/wp_1/w_1/u_https_/www.visitebelfort.com/wp-content/uploads/2022/03/BANANA-scaled.jpg]
[www.visitebelfort.com/produit/petales-bananes-martinique/index.html]
[www.visitebelfort.com/boutique/indexb8ea.html]
[www.visitebelfort.com/wp-content/plugins/fluentform/public/css/fluent-forms-public9e74.css]
[www.visitebelfort.com/wp-content/plugins/fluentform/public/css/fluentform-public-default9e74.css]
[www.visitebelfort.com/index9cd7.html]
[www.visitebelfort.com/wp-content/plugins/fluentformpro/public/libs/intl-tel-input/img/flags.png]
[www.visitebelfort.com/produit/petales-bananes-martinique/indexa5f9.html]
[www.visitebelfort.com/wp-content/plugins/fluentformpro/public/libs/intl-tel-input/img/flags@2x.png]
[www.visitebelfort.com/wp-content/plugins/fluentformpro/public/libs/intl-tel-input/css/intlTelInput.min85e8.css]
[www.visitebelfort.com/wp-content/themes/kadence/assets/css/related-posts.min1d74.css]
[www.visitebelfort.com/wp-content/plugins/kadence-blocks-pro/dist/assets/css/kadence-splide.min5971.css]
[www.visitebelfort.com/indexcff1.html]
[www.visitebelfort.com/category/uncategorized/feed/index.html]
[www.visitebelfort.com/category/uncategorized/index.html]
[www.visitebelfort.com/indexe01d.html]
[www.visitebelfort.com/wp-content/plugins/elementor/assets/lib/flatpickr/flatpickr.mineda1.css]
[www.visitebelfort.com/indexe398.html]
[www.visitebelfort.com/index905b.html]
[www.visitebelfort.com/xmlrpc.html]
[www.visitebelfort.com/wp-json/wp/v2/categories/1.json]
[www.visitebelfort.com/wp-admin/index.html]
[www.visitebelfort.com/index0012.html]
[www.visitebelfort.com/index2207.html]
[www.visitebelfort.com/wp-content/plugins/woocommerce-gateway-stripe/assets/images/credit-card.svg]
[www.visitebelfort.com/wp-content/plugins/woocommerce-gateway-stripe/assets/images/visa.svg]
[www.visitebelfort.com/wp-content/plugins/woocommerce-gateway-stripe/assets/images/amex.svg]
[www.visitebelfort.com/wp-content/plugins/woocommerce-gateway-stripe/assets/images/diners.svg]
[www.visitebelfort.com/wp-content/plugins/woocommerce-gateway-stripe/assets/images/discover.svg]
[www.visitebelfort.com/wp-content/plugins/woocommerce-gateway-stripe/assets/images/jcb.svg]
[www.visitebelfort.com/wp-content/plugins/woocommerce-gateway-stripe/assets/images/maestro.svg]
[www.visitebelfort.com/wp-content/plugins/woocommerce-gateway-stripe/assets/images/mastercard.svg]
[www.visitebelfort.com/wp-content/plugins/wp-social-reviews/assets/fonts/wp-social-reviews737c.svg]
[www.visitebelfort.com/wp-login2ae6.html]
[www.visitebelfort.com/wp-content/plugins/woocommerce/assets/css/photoswipe/default-skin/default-skin.png]
[www.visitebelfort.com/wp-content/plugins/woocommerce/assets/css/photoswipe/photoswipe.min823d.css]
[www.visitebelfort.com/wp-content/plugins/woocommerce/assets/css/photoswipe/default-skin/default-skin.svg]
[www.visitebelfort.com/wp-content/plugins/woocommerce/assets/css/photoswipe/default-skin/preloader.gif]
[www.visitebelfort.com/wp-content/plugins/woocommerce/assets/css/photoswipe/default-skin/default-skin.min823d.css]
[www.visitebelfort.com/index8973.html]
[www.visitebelfort.com/categorie-produit/fruits-only/feed/index.html]
[www.visitebelfort.com/categorie-produit/fruits-only/index.html]
[www.visitebelfort.com/wp-json/wp/v2/product_cat/26.json]
[www.visitebelfort.com/etiquette-produit/fruit/index.html]
[www.visitebelfort.com/wp-json/wp/v2/product_tag/30.json]
[www.visitebelfort.com/categorie-produit/fruits-only/indexf2e4.html]
[www.visitebelfort.com/etiquette-produit/fruit/feed/index.html]
[www.visitebelfort.com/etiquette-produit/fruit/indexf2e4.html]
[www.visitebelfort.com/etiquette-produit/martinique/feed/index.html]
[www.visitebelfort.com/etiquette-produit/martinique/index.html]
[www.visitebelfort.com/index6cfe.html]
[www.visitebelfort.com/wp-json/wp/v2/product_tag/31.json]
[www.visitebelfort.com/etiquette-produit/martinique/indexf2e4.html]
[www.visitebelfort.com/categorie-produit/petals/index.html]
[www.visitebelfort.com/categorie-produit/petals/feed/index.html]
[www.visitebelfort.com/wp-json/wp/v2/product_cat/29.json]
[www.visitebelfort.com/produit/petals-patate-douce-martinique/indexb8ea.html]
[www.visitebelfort.com/index942e.html]
[www.visitebelfort.com/produit/petales-bananes-martinique/indexa5f9.html]
[www.visitebelfort.com/categorie-produit/petals/indexb8ea.html]
[www.visitebelfort.com/categorie-produit/petals/indexa5f9.html]
[www.visitebelfort.com/wp-content/plugins/woocommerce/packages/woocommerce-blocks/build/cart-frontend0461.js]
[www.visitebelfort.com/wp-includes/js/dist/vendor/lodash.minf492.js]
[www.visitebelfort.com/wp-includes/js/dist/vendor/react.minbc7c.js]
[www.visitebelfort.com/wp-includes/js/dist/vendor/wp-polyfill.min2c7c.js]
[www.visitebelfort.com/wp-includes/js/dist/vendor/regenerator-runtime.min3937.js]
[www.visitebelfort.com/wp-content/plugins/woocommerce/packages/woocommerce-blocks/build/blocks-checkout2588.js]
[www.visitebelfort.com/wp-content/plugins/woocommerce/packages/woocommerce-blocks/build/wc-blocks-registrya902.js]
[www.visitebelfort.com/wp-includes/js/dist/deprecated.min7e39.js]
[www.visitebelfort.com/wp-includes/js/dist/hooks.mincbb5.js]
[www.visitebelfort.com/wp-includes/js/dist/element.min6838.js]
[www.visitebelfort.com/wp-includes/js/dist/vendor/react-dom.minbc7c.js]
[www.visitebelfort.com/wp-includes/js/dist/escape-html.min7a51.js]
[www.visitebelfort.com/wp-content/plugins/woocommerce/packages/woocommerce-blocks/build/wc-settingse972.js]
[www.visitebelfort.com/wp-includes/js/dist/i18n.min771a.js]
[www.visitebelfort.com/wp-includes/js/dist/api-fetch.minc92a.js]
[www.visitebelfort.com/wp-includes/js/dist/url.min086b.js]
[www.visitebelfort.com/wp-includes/js/dist/compose.min0fbb.js]
[www.visitebelfort.com/wp-includes/js/dist/dom.min5bbc.js]
[www.visitebelfort.com/wp-includes/js/dist/is-shallow-equal.min2076.js]
[www.visitebelfort.com/wp-includes/js/dist/keycodes.min0597.js]
[www.visitebelfort.com/wp-includes/js/dist/priority-queue.min5ca8.js]
[www.visitebelfort.com/wp-includes/js/dist/data.mine262.js]
[www.visitebelfort.com/wp-includes/js/dist/redux-routine.min45f9.js]
[www.visitebelfort.com/wp-includes/js/dist/primitives.min85e8.js]
[www.visitebelfort.com/wp-includes/js/dist/warning.mincfa1.js]
[www.visitebelfort.com/wp-content/plugins/woocommerce/packages/woocommerce-blocks/build/wc-blocks-data740f.js]
[www.visitebelfort.com/wp-includes/js/dist/data-controls.min58fd.js]
[www.visitebelfort.com/wp-includes/js/dist/html-entities.min349a.js]
[www.visitebelfort.com/wp-includes/js/dist/notices.mina7df.js]
[www.visitebelfort.com/wp-content/plugins/woocommerce/packages/woocommerce-blocks/build/wc-blocks-middleware72cc.js]
[www.visitebelfort.com/wp-content/plugins/woocommerce/packages/woocommerce-blocks/build/wc-blocks-shared-hocs751f.js]
[www.visitebelfort.com/wp-content/plugins/woocommerce/packages/woocommerce-blocks/build/wc-blocks-shared-contextbce4.js]
[www.visitebelfort.com/wp-content/plugins/woocommerce/packages/woocommerce-blocks/build/price-format4a75.js]
[www.visitebelfort.com/wp-includes/js/dist/a11y.min416f.js]
[www.visitebelfort.com/wp-login2ae6.html]
[www.visitebelfort.com/wp-content/plugins/woocommerce/assets/css/photoswipe/default-skin/default-skin.svg]
[www.visitebelfort.com/categorie-produit/fruits-only/indexf2e4.html]
[www.visitebelfort.com/etiquette-produit/fruit/indexf2e4.html]
[www.visitebelfort.com/etiquette-produit/martinique/indexf2e4.html]
[www.visitebelfort.com/categorie-produit/petals/indexa5f9.html]
[www.visitebelfort.com/categorie-produit/petals/indexb8ea.html]
[www.visitebelfort.com/wp-includes/js/dist/dom-ready.min9aec.html]
